// Jest Snapshot v1, https://goo.gl/fbAQLP

exports[`renders correctly when there are no items 1`] = `
<div>
  <h1>
    Followers
  </h1>
  <p />
  <img
    alt="avatar"
  />
</div>
`;
